2026-07-26 21:48:56,588 [INFO] Вердикт:
🚨 <b>Форвард завис</b> — osc_range_moex_d1_fwd
Последний обработанный бар: <b>2026-07-12</b> (14 дн. назад, порог 2)
Тикеров в состоянии: 12/12
Свечи D1 в БД: до 2026-07-25 — 13 необработанных дн.
  ⇒ прогон стартует, но не обрабатывает тикеры
Последний бар по тикерам:
  ALRS 2026-07-12
  CHMF 2026-07-12
  GAZP 2026-07-12
  LKOH 2026-07-12
  MGNT 2026-07-12
  MOEX 2026-07-12
  NVTK 2026-07-12
  PLZL 2026-07-12
  ROSN 2026-07-12
  SBER 2026-07-12
  SNGS 2026-07-12
  TATN 2026-07-12
Ночной прогон: forward_d1.log обновлён 25.07 00:15
2026-07-26 21:48:57,021 [ERROR] Telegram: 404 Client Error: Not Found for url: https://api.telegram.org/botyour_telegram_bot_token_here/sendMessage
2026-07-26 21:49:46,430 [ERROR] TELEGRAM_TOKEN/TELEGRAM_CHAT_ID не заданы (или остались заглушками из .env.example) — некому уведомлять
2026-07-26 21:49:46,960 [INFO] Вердикт:
✅ <b>Форвард жив</b> — osc_range_moex_d1_fwd
Последний бар: <b>2026-07-12</b> (14 дн. назад)
Тикеров в состоянии: 12/12
Свечи D1 в БД: до 2026-07-25 — 13 необработанных дн.
Ночной прогон: forward_d1.log обновлён 25.07 00:15
2026-07-26 21:49:47,325 [ERROR] Telegram: 401 Client Error: Unauthorized for url: https://api.telegram.org/bot<token>/sendMessage
2026-07-26 21:50:01,800 [WARNING] Подключение к БД, попытка 1/3: connection to server at "localhost" (::1), port 5999 failed: Permission denied (0x0000271D/10013)
2026-07-26 21:50:13,856 [WARNING] Подключение к БД, попытка 2/3: connection to server at "localhost" (::1), port 5999 failed: Permission denied (0x0000271D/10013)
2026-07-26 21:50:25,928 [WARNING] Подключение к БД, попытка 3/3: connection to server at "localhost" (::1), port 5999 failed: Permission denied (0x0000271D/10013)
2026-07-26 21:50:25,929 [ERROR] БД недоступна: connection to server at "localhost" (::1), port 5999 failed: Permission denied (0x0000271D/10013)
2026-07-26 21:50:26,170 [ERROR] Telegram: 401 Client Error: Unauthorized for url: https://api.telegram.org/bot<token>/sendMessage
2026-07-26 21:50:56,629 [ERROR] TELEGRAM_TOKEN/TELEGRAM_CHAT_ID не заданы (или остались заглушками из .env.example) — некому уведомлять
2026-07-26 22:32:00,184 [INFO] Вердикт:
🚨 <b>Форвард завис</b> — osc_range_moex_d1_fwd
Последний обработанный бар: <b>2026-07-12</b> (14 дн. назад, порог 2)
Тикеров в состоянии: 12/12
Свечи D1 в БД: до 2026-07-25 — 13 необработанных дн.
  ⇒ прогон стартует, но не обрабатывает тикеры
Последний бар по тикерам:
  ALRS 2026-07-12
  CHMF 2026-07-12
  GAZP 2026-07-12
  LKOH 2026-07-12
  MGNT 2026-07-12
  MOEX 2026-07-12
  NVTK 2026-07-12
  PLZL 2026-07-12
  ROSN 2026-07-12
  SBER 2026-07-12
  SNGS 2026-07-12
  TATN 2026-07-12
Ночной прогон: forward_d1.log обновлён 25.07 00:15
2026-07-27 01:05:25,375 [INFO] Вердикт:
✅ <b>Форвард жив</b> — osc_range_moex_d1_fwd
Последний бар: <b>2026-07-26</b> (0 дн. назад)
Тикеров в состоянии: 12/12
Свечи D1 в БД: до 2026-07-26
Ночной прогон: forward_d1.log обновлён 27.07 00:15
2026-07-27 01:43:38,787 [INFO] Память сторожа: база сравнения создана — разрыв проверяется со следующего запуска
2026-07-27 01:43:38,854 [INFO] Вердикт:
✅ <b>Форвард жив</b> — osc_range_moex_d1_fwd
Обработано до: <b>2026-07-26</b> (0 дн. назад, порог 2)
Тикеров в состоянии: 12/12
Свечи D1 в БД: до 2026-07-26
база сравнения создана — разрыв проверяется со следующего запуска
Ночной прогон: последняя запись 27.07 00:15
2026-07-27 01:43:57,571 [INFO] Вердикт:
✅ <b>Форвард жив</b> — osc_range_moex_d1_fwd
Обработано до: <b>2026-07-26</b> (0 дн. назад, порог 2)
Тикеров в состоянии: 12/12
Свечи D1 в БД: до 2026-07-26
Ночной прогон: последняя запись 27.07 00:15
2026-07-27 11:41:14,137 [INFO] Вердикт:
✅ <b>Форвард жив</b> — osc_range_moex_d1_fwd
Обработано до: <b>2026-07-26</b> (1 дн. назад, порог 2)
Тикеров в состоянии: 12/12
Свечи D1 в БД: до 2026-07-26
Ночной прогон: последняя запись 27.07 00:15
2026-07-28 12:13:54,442 [INFO] Вердикт:
✅ <b>Форвард жив</b> — osc_range_moex_d1_fwd
Обработано до: <b>2026-07-27</b> (1 дн. назад, порог 2)
Тикеров в состоянии: 12/12
Свечи D1 в БД: до 2026-07-27
Ночной прогон: последняя запись 28.07 00:15
2026-07-29 09:00:06,442 [INFO] Вердикт:
✅ <b>Форвард жив</b> — osc_range_moex_d1_fwd
Обработано до: <b>2026-07-28</b> (1 дн. назад, порог 2)
Тикеров в состоянии: 12/12
Свечи D1 в БД: до 2026-07-28
Ночной прогон: последняя запись 29.07 00:15
2026-07-30 11:04:08,206 [WARNING] Подключение к БД, попытка 1/3: connection to server at "localhost" (::1), port 5432 failed: Permission denied (0x0000271D/10013)
2026-07-30 11:04:20,256 [WARNING] Подключение к БД, попытка 2/3: connection to server at "localhost" (::1), port 5432 failed: Permission denied (0x0000271D/10013)
2026-07-30 11:04:32,290 [WARNING] Подключение к БД, попытка 3/3: connection to server at "localhost" (::1), port 5432 failed: Permission denied (0x0000271D/10013)
2026-07-30 11:04:32,290 [ERROR] БД недоступна: connection to server at "localhost" (::1), port 5432 failed: Permission denied (0x0000271D/10013)
2026-07-30 16:41:28,006 [INFO] Вердикт:
✅ <b>Форвард жив</b> — osc_range_moex_d1_fwd
Обработано до: <b>2026-07-29</b> (1 дн. назад, порог 2)
Тикеров в состоянии: 20/20
Свечи D1 в БД: до 2026-07-30
Ночной прогон: последняя запись 30.07 15:20
2026-08-01 11:38:45,594 [INFO] Вердикт:
✅ <b>Форвард жив</b> — osc_range_moex_d1_fwd
Обработано до: <b>2026-07-30</b> (2 дн. назад, порог 2)
Тикеров в состоянии: 20/20
Свечи D1 в БД: до 2026-07-30
Ночной прогон: последняя запись 31.07 00:15 (mtime файла 01.08 11:38 — расходится)
2026-08-02 16:24:16,497 [INFO] Вердикт:
🚨 <b>Журнал прогонов пересоздан после слота</b> — osc_range_moex_d1_fwd
⚠ <b>Свечи не поступают</b> — osc_range_moex_d1_fwd
Обработано до: <b>2026-07-31</b> (2 дн. назад)
Тикеров в состоянии: 20/20
Свечи D1 в БД: до 2026-07-31 (2 дн. назад, порог 2)
  ⇒ либо рынок закрыт, либо сломалась загрузка свечей
Слот 02.08 00:15: журнал создан 02.08 00:15, то есть ПОЗЖЕ слота — свидетельство утрачено.
  ⇒ при вводе журнала в строй это ожидаемо ОДИН раз (раздел 2з); второй раз — дефект
Задачи планировщика: слоты совпадают с XML
Ночной прогон: последняя запись 02.08 00:15
2026-08-02 16:24:31,519 [ERROR] Telegram: HTTPSConnectionPool(host='api.telegram.org', port=443): Max retries exceeded with url: /bot<token>/sendMessage (Caused by ConnectTimeoutError(<HTTPSConnection(host='api.telegram.org', port=443) at 0x28125b1bb60>, 'Connection to api.telegram.org timed out. (conn
